
> slashheroes-game@1.16.0 test:weapons
> node src/data/items/weapons/test/testWeapons.js

ΓöîΓöÇΓöÇΓöÇΓöÇΓöÇΓöÇΓöÇΓöÇΓöÇΓö¼ΓöÇΓöÇΓöÇΓöÇΓöÇΓöÇΓöÇΓö¼ΓöÇΓöÇΓöÇΓöÇΓöÇΓöÇΓöÇΓöÇΓöÇΓöÇΓöÇΓöÇΓöÇΓöÇΓöÇΓöÇΓöÇΓöÇΓöÇΓöÇΓö¼ΓöÇΓöÇΓöÇΓöÇΓöÇΓöÇΓö¼ΓöÇΓöÇΓöÇΓöÇΓöÇΓöÇΓöÇΓöÇΓöÇΓöÇΓöÇΓöÇΓöÇΓöÇΓöÇΓöÇΓöÇΓöÇΓöÇΓöÇΓöÇΓöÇΓö¼ΓöÇΓöÇΓöÇΓöÇΓöÇΓöÇΓö¼ΓöÇΓöÇΓöÇΓöÇΓöÇΓöÇΓö¼ΓöÇΓöÇΓöÇΓöÇΓöÇΓöÇΓöÇΓöÇΓöÇΓöÇΓö¼ΓöÇΓöÇΓöÇΓöÇΓöÇΓöÇΓöÇΓöÇΓö¼ΓöÇΓöÇΓöÇΓöÇΓöÇΓöÇΓöÇΓö¼ΓöÇΓöÇΓöÇΓöÇΓöÇΓöÇΓöÇΓö¼ΓöÇΓöÇΓöÇΓöÇΓöÇΓöÇΓöÇΓöÇΓö¼ΓöÇΓöÇΓöÇΓöÇΓöÇΓöÇΓöÇΓöÇΓöÇΓöÇΓöÇΓöÉ
Γöé (index) Γöé index Γöé name               Γöé tier Γöé families             Γöé grip Γöé base Γöé range    Γöé weight Γöé speed Γöé edge  Γöé reach  Γöé curvature Γöé
Γö£ΓöÇΓöÇΓöÇΓöÇΓöÇΓöÇΓöÇΓöÇΓöÇΓö╝ΓöÇΓöÇΓöÇΓöÇΓöÇΓöÇΓöÇΓö╝ΓöÇΓöÇΓöÇΓöÇΓöÇΓöÇΓöÇΓöÇΓöÇΓöÇΓöÇΓöÇΓöÇΓöÇΓöÇΓöÇΓöÇΓöÇΓöÇΓöÇΓö╝ΓöÇΓöÇΓöÇΓöÇΓöÇΓöÇΓö╝ΓöÇΓöÇΓöÇΓöÇΓöÇΓöÇΓöÇΓöÇΓöÇΓöÇΓöÇΓöÇΓöÇΓöÇΓöÇΓöÇΓöÇΓöÇΓöÇΓöÇΓöÇΓöÇΓö╝ΓöÇΓöÇΓöÇΓöÇΓöÇΓöÇΓö╝ΓöÇΓöÇΓöÇΓöÇΓöÇΓöÇΓö╝ΓöÇΓöÇΓöÇΓöÇΓöÇΓöÇΓöÇΓöÇΓöÇΓöÇΓö╝ΓöÇΓöÇΓöÇΓöÇΓöÇΓöÇΓöÇΓöÇΓö╝ΓöÇΓöÇΓöÇΓöÇΓöÇΓöÇΓöÇΓö╝ΓöÇΓöÇΓöÇΓöÇΓöÇΓöÇΓöÇΓö╝ΓöÇΓöÇΓöÇΓöÇΓöÇΓöÇΓöÇΓöÇΓö╝ΓöÇΓöÇΓöÇΓöÇΓöÇΓöÇΓöÇΓöÇΓöÇΓöÇΓöÇΓöñ
Γöé 0       Γöé 1     Γöé 'Dagger'           Γöé 1    Γöé 'KNIFE'              Γöé 1    Γöé 39   Γöé '35-43'  Γöé 989    Γöé 15.91 Γöé 12.59 Γöé 79.1   Γöé 0.288     Γöé
Γöé 1       Γöé 2     Γöé 'Dirk'             Γöé 2    Γöé 'KNIFE'              Γöé 1    Γöé 41   Γöé '37-45'  Γöé 1051   Γöé 16.23 Γöé 13.75 Γöé 85.77  Γöé 0.315     Γöé
Γöé 2       Γöé 3     Γöé 'Stiletto'         Γöé 3    Γöé 'KNIFE'              Γöé 1    Γöé 45   Γöé '45-45'  Γöé 1032   Γöé 17.95 Γöé 15.45 Γöé 90.84  Γöé 0.721     Γöé
Γöé 3       Γöé 4     Γöé 'Balisong'         Γöé 4    Γöé 'KNIFE'              Γöé 1    Γöé 47   Γöé '45-49'  Γöé 1151   Γöé 19.09 Γöé 16.08 Γöé 91.31  Γöé 0.416     Γöé
Γöé 4       Γöé 5     Γöé 'Tant┼ì'            Γöé 5    Γöé 'KNIFE'              Γöé 1    Γöé 51   Γöé '50-52'  Γöé 1213   Γöé 19.79 Γöé 18.53 Γöé 101.96 Γöé 0.456     Γöé
Γöé 5       Γöé 6     Γöé 'Kris'             Γöé 5    Γöé 'KNIFE'              Γöé 1    Γöé 51   Γöé '51-51'  Γöé 1155   Γöé 20.39 Γöé 18.17 Γöé 99.96  Γöé 0.623     Γöé
Γöé 6       Γöé 7     Γöé "Assassin's Blade" Γöé 6    Γöé 'KNIFE'              Γöé 1    Γöé 57   Γöé '57-57'  Γöé 1244   Γöé 22.25 Γöé 20.92 Γöé 112.78 Γöé 0.55      Γöé
Γöé 7       Γöé 8     Γöé 'Cleaver'          Γöé 1    Γöé 'BLADE'              Γöé 1    Γöé 32   Γöé '26-38'  Γöé 1763   Γöé 8.6   Γöé 12.47 Γöé 94.76  Γöé 0.154     Γöé
Γöé 8       Γöé 9     Γöé 'Shortsword'       Γöé 1    Γöé 'BLADE'              Γöé 1    Γöé 33   Γöé '28-38'  Γöé 1567   Γöé 9.24  Γöé 12.72 Γöé 97.85  Γöé 0.182     Γöé
Γöé 9       Γöé 10    Γöé 'Saw'              Γöé 2    Γöé 'BLADE'              Γöé 1    Γöé 35   Γöé '29-41'  Γöé 1749   Γöé 9.14  Γöé 14.55 Γöé 101.91 Γöé 0.147     Γöé
Γöé 10      Γöé 11    Γöé 'Rapier'           Γöé 2    Γöé 'BLADE'              Γöé 1    Γöé 36   Γöé '30-42'  Γöé 1366   Γöé 10.28 Γöé 13.75 Γöé 123.14 Γöé 0.189     Γöé
Γöé 11      Γöé 12    Γöé 'Zweih├ñnder'       Γöé 3    Γöé 'BLADE'              Γöé 2    Γöé 38   Γöé '32-44'  Γöé 2065   Γöé 8.81  Γöé 15.3  Γöé 133.58 Γöé 0.204     Γöé
Γöé 12      Γöé 13    Γöé 'Falchion'         Γöé 3    Γöé 'BLADE'              Γöé 1    Γöé 37   Γöé '34-40'  Γöé 1790   Γöé 9.93  Γöé 15.45 Γöé 105.75 Γöé 0.325     Γöé
Γöé 13      Γöé 14    Γöé 'Longsword'        Γöé 4    Γöé 'BLADE'              Γöé 1    Γöé 40   Γöé '35-45'  Γöé 1789   Γöé 10.87 Γöé 16.57 Γöé 122.38 Γöé 0.263     Γöé
Γöé 14      Γöé 15    Γöé 'Greatsword'       Γöé 5    Γöé 'BLADE'              Γöé 2    Γöé 44   Γöé '39-49'  Γöé 2202   Γöé 10.44 Γöé 18.89 Γöé 144.94 Γöé 0.288     Γöé
Γöé 15      Γöé 16    Γöé 'Macuahuitl'       Γöé 5    Γöé 'BLADE+BLUNT'        Γöé 2    Γöé 46   Γöé '37-55'  Γöé 3788   Γöé 7.68  Γöé 10.07 Γöé 124.23 Γöé 0.12      Γöé
Γöé 16      Γöé 17    Γöé 'Claymore'         Γöé 6    Γöé 'BLADE'              Γöé 2    Γöé 48   Γöé '44-52'  Γöé 2147   Γöé 11.91 Γöé 20.72 Γöé 151.62 Γöé 0.337     Γöé
Γöé 17      Γöé 18    Γöé 'Chainsaw'         Γöé 6    Γöé 'BATTERY+BLADE'      Γöé 2    Γöé 47   Γöé '39-55'  Γöé 2194   Γöé 13.22 Γöé 19.09 Γöé 123.69 Γöé 0.141     Γöé
Γöé 18      Γöé 19    Γöé 'Excalibur'        Γöé 6    Γöé 'BLADE+LEGENDARY'    Γöé 2    Γöé 63   Γöé '63-63'  Γöé 2388   Γöé 17.57 Γöé 27.89 Γöé 168.25 Γöé 0.641     Γöé
Γöé 19      Γöé 20    Γöé 'Sickle'           Γöé 1    Γöé 'CURVED_BLADE+TOOL'  Γöé 1    Γöé 27   Γöé '24-30'  Γöé 1414   Γöé 8.38  Γöé 9.25  Γöé 74.31  Γöé 0.299     Γöé
Γöé 20      Γöé 21    Γöé 'Bolo Knife'       Γöé 2    Γöé 'CURVED_BLADE+TOOL'  Γöé 1    Γöé 30   Γöé '27-33'  Γöé 1752   Γöé 8.31  Γöé 10.11 Γöé 92.3   Γöé 0.298     Γöé
Γöé 21      Γöé 22    Γöé 'Machete'          Γöé 2    Γöé 'CURVED_BLADE'       Γöé 1    Γöé 37   Γöé '37-37'  Γöé 1686   Γöé 9.97  Γöé 15.04 Γöé 108.27 Γöé 0.518     Γöé
Γöé 22      Γöé 23    Γöé 'Cutlass'          Γöé 3    Γöé 'CURVED_BLADE'       Γöé 1    Γöé 39   Γöé '39-39'  Γöé 1533   Γöé 11.36 Γöé 16.26 Γöé 106.87 Γöé 0.635     Γöé
Γöé 23      Γöé 24    Γöé 'Sabre'            Γöé 3    Γöé 'CURVED_BLADE'       Γöé 1    Γöé 40   Γöé '40-40'  Γöé 1484   Γöé 11.58 Γöé 16.42 Γöé 115.77 Γöé 0.645     Γöé
Γöé 24      Γöé 25    Γöé 'Scimitar'         Γöé 4    Γöé 'CURVED_BLADE'       Γöé 1    Γöé 43   Γöé '43-43'  Γöé 1626   Γöé 12.08 Γöé 18.65 Γöé 121.2  Γöé 0.793     Γöé
Γöé 25      Γöé 26    Γöé 'Katana'           Γöé 5    Γöé 'CURVED_BLADE'       Γöé 2    Γöé 48   Γöé '48-48'  Γöé 1715   Γöé 13.28 Γöé 21.44 Γöé 134.95 Γöé 0.879     Γöé
Γöé 26      Γöé 27    Γöé 'Khopesh'          Γöé 5    Γöé 'CURVED_BLADE'       Γöé 2    Γöé 45   Γöé '45-45'  Γöé 1889   Γöé 12.03 Γöé 20.27 Γöé 123.7  Γöé 0.985     Γöé
Γöé 27      Γöé 28    Γöé '┼îdachi'           Γöé 6    Γöé 'CURVED_BLADE'       Γöé 2    Γöé 51   Γöé '51-51'  Γöé 2123   Γöé 12.45 Γöé 23.31 Γöé 162.26 Γöé 0.927     Γöé
Γöé 28      Γöé 29    Γöé 'Club'             Γöé 1    Γöé 'BLUNT'              Γöé 1    Γöé 56   Γöé '42-70'  Γöé 4027   Γöé 4.83  Γöé 2.12  Γöé 97.34  Γöé 0         Γöé
Γöé 29      Γöé 30    Γöé 'Bat'              Γöé 1    Γöé 'BLUNT'              Γöé 1    Γöé 53   Γöé '40-66'  Γöé 3770   Γöé 5.12  Γöé 2.12  Γöé 108.15 Γöé 0         Γöé
Γöé 30      Γöé 32    Γöé 'Crowbar'          Γöé 2    Γöé 'BLUNT'              Γöé 1    Γöé 61   Γöé '46-76'  Γöé 4460   Γöé 4.83  Γöé 2.2   Γöé 102.54 Γöé 0         Γöé
Γöé 31      Γöé 33    Γöé 'Blackjack'        Γöé 2    Γöé 'BLUNT'              Γöé 1    Γöé 46   Γöé '35-58'  Γöé 3323   Γöé 5.57  Γöé 2.25  Γöé 78.02  Γöé 0         Γöé
Γöé 32      Γöé 34    Γöé 'Baton'            Γöé 2    Γöé 'BLUNT'              Γöé 1    Γöé 51   Γöé '38-64'  Γöé 3673   Γöé 5.57  Γöé 2.25  Γöé 91.4   Γöé 0         Γöé
Γöé 33      Γöé 35    Γöé 'Electric Baton'   Γöé 3    Γöé 'BATTERY+BLUNT'      Γöé 1    Γöé 36   Γöé '28-44'  Γöé 2855   Γöé 7.96  Γöé 6.25  Γöé 93.56  Γöé 0.048     Γöé
Γöé 34      Γöé 36    Γöé 'Bludgeon'         Γöé 3    Γöé 'BLUNT'              Γöé 1    Γöé 69   Γöé '52-86'  Γöé 5059   Γöé 4.87  Γöé 2.45  Γöé 111.04 Γöé 0         Γöé
Γöé 35      Γöé 37    Γöé 'Sledgehammer'     Γöé 3    Γöé 'BLUNT'              Γöé 2    Γöé 77   Γöé '58-96'  Γöé 5601   Γöé 4.13  Γöé 2.45  Γöé 126.23 Γöé 0         Γöé
Γöé 36      Γöé 38    Γöé 'Mace'             Γöé 3    Γöé 'BLUNT'              Γöé 1    Γöé 62   Γöé '47-78'  Γöé 4517   Γöé 5.19  Γöé 2.65  Γöé 107.53 Γöé 0         Γöé
Γöé 37      Γöé 39    Γöé 'Nunchaku'         Γöé 3    Γöé 'BLUNT'              Γöé 1    Γöé 47   Γöé '35-59'  Γöé 3252   Γöé 6.25  Γöé 2.31  Γöé 102.86 Γöé 0         Γöé
Γöé 38      Γöé 40    Γöé 'Flail'            Γöé 4    Γöé 'BLUNT'              Γöé 1    Γöé 68   Γöé '51-85'  Γöé 4836   Γöé 5.63  Γöé 2.82  Γöé 130.97 Γöé 0         Γöé
Γöé 39      Γöé 41    Γöé 'Morningstar'      Γöé 4    Γöé 'BLUNT'              Γöé 1    Γöé 70   Γöé '53-88'  Γöé 5070   Γöé 5.34  Γöé 2.92  Γöé 121.09 Γöé 0         Γöé
Γöé 40      Γöé 42    Γöé 'Maul'             Γöé 4    Γöé 'BLUNT'              Γöé 2    Γöé 80   Γöé '60-100' Γöé 5869   Γöé 4.55  Γöé 2.71  Γöé 128.5  Γöé 0         Γöé
Γöé 41      Γöé 43    Γöé 'War Hammer'       Γöé 5    Γöé 'BLUNT'              Γöé 2    Γöé 76   Γöé '57-95'  Γöé 5486   Γöé 5.64  Γöé 3.54  Γöé 131.2  Γöé 0         Γöé
Γöé 42      Γöé 44    Γöé 'Lucerne Hammer'   Γöé 5    Γöé 'BLUNT+POLEARM'      Γöé 2    Γöé 58   Γöé '44-73'  Γöé 4683   Γöé 6.39  Γöé 10.07 Γöé 221.04 Γöé 0         Γöé
Γöé 43      Γöé 45    Γöé 'Kanabo'           Γöé 5    Γöé 'BLUNT'              Γöé 2    Γöé 82   Γöé '62-103' Γöé 5976   Γöé 5.15  Γöé 3.15  Γöé 137.76 Γöé 0         Γöé
Γöé 44      Γöé 46    Γöé 'Mj├╢lnir'          Γöé 6    Γöé 'BLUNT+LEGENDARY'    Γöé 1    Γöé 58   Γöé '53-63'  Γöé 4216   Γöé 13.51 Γöé 18.26 Γöé 134.4  Γöé 0.33      Γöé
Γöé 45      Γöé 47    Γöé 'Colossal Crusher' Γöé 6    Γöé 'BLUNT'              Γöé 2    Γöé 94   Γöé '71-118' Γöé 6866   Γöé 4.77  Γöé 3.32  Γöé 156.41 Γöé 0         Γöé
Γöé 46      Γöé 48    Γöé 'Pitchfork'        Γöé 1    Γöé 'POLEARM+TOOL'       Γöé 1    Γöé 30   Γöé '23-37'  Γöé 2399   Γöé 5.91  Γöé 8.19  Γöé 150.17 Γöé 0.019     Γöé
Γöé 47      Γöé 49    Γöé 'Spear'            Γöé 1    Γöé 'POLEARM'            Γöé 1    Γöé 38   Γöé '29-48'  Γöé 2972   Γöé 6.68  Γöé 11.13 Γöé 194.36 Γöé 0         Γöé
Γöé 48      Γöé 50    Γöé 'Pike'             Γöé 2    Γöé 'POLEARM'            Γöé 1    Γöé 41   Γöé '31-51'  Γöé 3292   Γöé 6.2   Γöé 11.34 Γöé 243.51 Γöé 0         Γöé
Γöé 49      Γöé 51    Γöé 'Battle Rake'      Γöé 2    Γöé 'POLEARM+TOOL'       Γöé 1    Γöé 31   Γöé '24-38'  Γöé 2652   Γöé 5.89  Γöé 8.09  Γöé 160.5  Γöé 0.021     Γöé
Γöé 50      Γöé 52    Γöé 'Harpoon'          Γöé 3    Γöé 'POLEARM+RANGED'     Γöé 1    Γöé 39   Γöé '32-46'  Γöé 2382   Γöé 9     Γöé 9.75  Γöé 215.07 Γöé 0.144     Γöé
Γöé 51      Γöé 53    Γöé 'Trident'          Γöé 3    Γöé 'POLEARM'            Γöé 1    Γöé 42   Γöé '32-53'  Γöé 3534   Γöé 6.89  Γöé 12.51 Γöé 226.53 Γöé 0         Γöé
Γöé 52      Γöé 54    Γöé 'Naginata'         Γöé 4    Γöé 'POLEARM'            Γöé 1    Γöé 46   Γöé '35-58'  Γöé 3361   Γöé 7.86  Γöé 14.62 Γöé 248.17 Γöé 0         Γöé
Γöé 53      Γöé 55    Γöé 'Glaive'           Γöé 5    Γöé 'POLEARM'            Γöé 1    Γöé 50   Γöé '38-63'  Γöé 3905   Γöé 7.98  Γöé 16.04 Γöé 272.77 Γöé 0         Γöé
Γöé 54      Γöé 56    Γöé 'Halberd'          Γöé 6    Γöé 'AXE+POLEARM'        Γöé 2    Γöé 55   Γöé '44-66'  Γöé 4520   Γöé 7.58  Γöé 21.51 Γöé 243.26 Γöé 0.11      Γöé
Γöé 55      Γöé 57    Γöé 'War Scythe'       Γöé 6    Γöé 'POLEARM'            Γöé 1    Γöé 54   Γöé '41-68'  Γöé 3858   Γöé 8.71  Γöé 18.26 Γöé 295.26 Γöé 0         Γöé
Γöé 56      Γöé 58    Γöé 'Hatchet'          Γöé 1    Γöé 'AXE'                Γöé 1    Γöé 35   Γöé '28-42'  Γöé 2913   Γöé 6.07  Γöé 15.14 Γöé 88.37  Γöé 0.115     Γöé
Γöé 57      Γöé 59    Γöé 'Hand Axe'         Γöé 2    Γöé 'AXE'                Γöé 1    Γöé 38   Γöé '31-45'  Γöé 3398   Γöé 6.08  Γöé 16.19 Γöé 100.42 Γöé 0.126     Γöé
Γöé 58      Γöé 60    Γöé 'Pickaxe'          Γöé 3    Γöé 'AXE+TOOL'           Γöé 1    Γöé 33   Γöé '26-40'  Γöé 3020   Γöé 5.8   Γöé 13.05 Γöé 99.85  Γöé 0.096     Γöé
Γöé 59      Γöé 61    Γöé 'Battle Axe'       Γöé 4    Γöé 'AXE'                Γöé 1    Γöé 45   Γöé '37-53'  Γöé 4105   Γöé 6.41  Γöé 19.9  Γöé 132.03 Γöé 0.166     Γöé
Γöé 60      Γöé 62    Γöé 'War Pick'         Γöé 5    Γöé 'AXE'                Γöé 1    Γöé 49   Γöé '41-57'  Γöé 4124   Γöé 6.76  Γöé 23.92 Γöé 129.2  Γöé 0.192     Γöé
Γöé 61      Γöé 63    Γöé 'Greataxe'         Γöé 6    Γöé 'AXE'                Γöé 1    Γöé 54   Γöé '46-62'  Γöé 5061   Γöé 6.69  Γöé 25.1  Γöé 158    Γöé 0.22      Γöé
Γöé 62      Γöé 64    Γöé 'Sling'            Γöé 1    Γöé 'PROJECTILE'         Γöé 2    Γöé 10   Γöé '8-13'   Γöé 514    Γöé 4.02  Γöé 1.06  Γöé 33.78  Γöé 0         Γöé
Γöé 63      Γöé 65    Γöé 'Shortbow'         Γöé 1    Γöé 'PROJECTILE'         Γöé 2    Γöé 11   Γöé '8-14'   Γöé 600    Γöé 4.59  Γöé 1.06  Γöé 37.9   Γöé 0         Γöé
Γöé 64      Γöé 66    Γöé 'Slingshot'        Γöé 2    Γöé 'PROJECTILE'         Γöé 2    Γöé 11   Γöé '8-14'   Γöé 481    Γöé 4.91  Γöé 1.12  Γöé 31.42  Γöé 0         Γöé
Γöé 65      Γöé 67    Γöé 'Bow'              Γöé 2    Γöé 'PROJECTILE'         Γöé 2    Γöé 11   Γöé '8-14'   Γöé 700    Γöé 4.54  Γöé 1.12  Γöé 42.46  Γöé 0         Γöé
Γöé 66      Γöé 68    Γöé 'Crossbow'         Γöé 3    Γöé 'PROJECTILE'         Γöé 1    Γöé 12   Γöé '9-15'   Γöé 888    Γöé 4.54  Γöé 1.23  Γöé 48.09  Γöé 0         Γöé
Γöé 67      Γöé 69    Γöé 'Longbow'          Γöé 4    Γöé 'PROJECTILE'         Γöé 2    Γöé 13   Γöé '10-16'  Γöé 814    Γöé 4.98  Γöé 1.35  Γöé 55.54  Γöé 0         Γöé
Γöé 68      Γöé 70    Γöé 'Recurve Bow'      Γöé 5    Γöé 'PROJECTILE'         Γöé 2    Γöé 14   Γöé '11-18'  Γöé 751    Γöé 5.93  Γöé 1.5   Γöé 54.98  Γöé 0         Γöé
Γöé 69      Γöé 71    Γöé 'Composite Bow'    Γöé 6    Γöé 'PROJECTILE'         Γöé 2    Γöé 16   Γöé '12-20'  Γöé 837    Γöé 6.53  Γöé 1.66  Γöé 61.71  Γöé 0         Γöé
Γöé 70      Γöé 72    Γöé 'Studded Gloves'   Γöé 1    Γöé 'FIST'               Γöé 1    Γöé 30   Γöé '25-35'  Γöé 469    Γöé 15.38 Γöé 7.12  Γöé 41.72  Γöé 0.154     Γöé
Γöé 71      Γöé 73    Γöé 'Charged Gloves'   Γöé 2    Γöé 'BATTERY+FIST'       Γöé 1    Γöé 32   Γöé '26-38'  Γöé 1122   Γöé 12.9  Γöé 8.59  Γöé 70.8   Γöé 0.126     Γöé
Γöé 72      Γöé 74    Γöé 'Knuckleduster'    Γöé 3    Γöé 'FIST'               Γöé 1    Γöé 34   Γöé '29-39'  Γöé 565    Γöé 16.69 Γöé 8.84  Γöé 43.08  Γöé 0.192     Γöé
Γöé 73      Γöé 75    Γöé 'Bagh Nakh'        Γöé 4    Γöé 'CURVED_BLADE+FIST'  Γöé 1    Γöé 41   Γöé '41-41'  Γöé 984    Γöé 16.24 Γöé 15.16 Γöé 69.96  Γöé 0.52      Γöé
Γöé 74      Γöé 76    Γöé 'Stone Gauntlet'   Γöé 6    Γöé 'BLUNT+FIST'         Γöé 1    Γöé 48   Γöé '40-56'  Γöé 3956   Γöé 12.1  Γöé 8.81  Γöé 93.77  Γöé 0.147     Γöé
Γöé 75      Γöé 77    Γöé 'Flintlock'        Γöé 1    Γöé 'FIREARM'            Γöé 1    Γöé 20   Γöé '15-25'  Γöé 2399   Γöé 4.59  Γöé 1.06  Γöé 108.77 Γöé 0         Γöé
Γöé 76      Γöé 78    Γöé 'Blunderbuss'      Γöé 2    Γöé 'FIREARM'            Γöé 1    Γöé 22   Γöé '17-28'  Γöé 3090   Γöé 4.57  Γöé 1.12  Γöé 96.81  Γöé 0         Γöé
Γöé 77      Γöé 79    Γöé 'Musket'           Γöé 3    Γöé 'FIREARM'            Γöé 2    Γöé 26   Γöé '20-33'  Γöé 3252   Γöé 5.19  Γöé 1.23  Γöé 154.95 Γöé 0         Γöé
Γöé 78      Γöé 80    Γöé 'Laser Pistol'     Γöé 4    Γöé 'BATTERY+FIREARM'    Γöé 1    Γöé 30   Γöé '23-37'  Γöé 2062   Γöé 9     Γöé 6.4   Γöé 126.85 Γöé 0.055     Γöé
Γöé 79      Γöé 81    Γöé 'Rifle'            Γöé 5    Γöé 'FIREARM'            Γöé 2    Γöé 30   Γöé '23-38'  Γöé 3331   Γöé 6.65  Γöé 1.5   Γöé 179.93 Γöé 0         Γöé
Γöé 80      Γöé 82    Γöé 'Handcannon'       Γöé 5    Γöé 'FIREARM'            Γöé 1    Γöé 27   Γöé '20-34'  Γöé 3919   Γöé 5.5   Γöé 1.5   Γöé 122.95 Γöé 0         Γöé
Γöé 81      Γöé 83    Γöé 'Bazooka'          Γöé 6    Γöé 'FIREARM'            Γöé 2    Γöé 31   Γöé '23-39'  Γöé 4509   Γöé 4.98  Γöé 1.66  Γöé 175.56 Γöé 0         Γöé
Γöé 82      Γöé 84    Γöé 'Machine Gun'      Γöé 6    Γöé 'FIREARM'            Γöé 2    Γöé 34   Γöé '26-43'  Γöé 4236   Γöé 7.33  Γöé 1.66  Γöé 172.37 Γöé 0         Γöé
Γöé 83      Γöé 85    Γöé 'Staff'            Γöé 1    Γöé 'STAFF'              Γöé 1    Γöé 28   Γöé '21-35'  Γöé 2203   Γöé 7.07  Γöé 4.03  Γöé 168.1  Γöé 0         Γöé
Γöé 84      Γöé 86    Γöé 'Quarterstaff'     Γöé 2    Γöé 'STAFF'              Γöé 1    Γöé 31   Γöé '23-39'  Γöé 2498   Γöé 7.5   Γöé 4.31  Γöé 187.68 Γöé 0         Γöé
Γöé 85      Γöé 87    Γöé 'Scepter'          Γöé 4    Γöé 'STAFF'              Γöé 1    Γöé 32   Γöé '24-40'  Γöé 2200   Γöé 8.91  Γöé 5.52  Γöé 164.04 Γöé 0         Γöé
Γöé 86      Γöé 88    Γöé 'War Staff'        Γöé 5    Γöé 'STAFF'              Γöé 1    Γöé 39   Γöé '29-49'  Γöé 3135   Γöé 8.88  Γöé 6.24  Γöé 237.91 Γöé 0         Γöé
Γöé 87      Γöé 89    Γöé 'Ruyi Jingu Bang'  Γöé 6    Γöé 'LEGENDARY+STAFF'    Γöé 2    Γöé 61   Γöé '56-66'  Γöé 3311   Γöé 16.02 Γöé 19.36 Γöé 255.36 Γöé 0.33      Γöé
Γöé 88      Γöé 90    Γöé 'Taser'            Γöé 1    Γöé 'BATTERY'            Γöé 1    Γöé 25   Γöé '20-30'  Γöé 902    Γöé 9.55  Γöé 8.14  Γöé 53.56  Γöé 0.077     Γöé
Γöé 89      Γöé 91    Γöé 'Lightsabre'       Γöé 6    Γöé 'BATTERY'            Γöé 1    Γöé 45   Γöé '37-53'  Γöé 1618   Γöé 14.41 Γöé 16.2  Γöé 135.66 Γöé 0.125     Γöé
Γöé 90      Γöé 92    Γöé 'Whip'             Γöé 1    Γöé 'RANGED'             Γöé 1    Γöé 32   Γöé '28-36'  Γöé 930    Γöé 11.23 Γöé 5.19  Γöé 194.46 Γöé 0.272     Γöé
Γöé 91      Γöé 93    Γöé 'Yo-yo'            Γöé 2    Γöé 'BLUNT+RANGED'       Γöé 1    Γöé 33   Γöé '27-39'  Γöé 2305   Γöé 8.37  Γöé 3.62  Γöé 132.21 Γöé 0.126     Γöé
Γöé 92      Γöé 94    Γöé 'Electric Whip'    Γöé 3    Γöé 'BATTERY+RANGED'     Γöé 1    Γöé 35   Γöé '30-40'  Γöé 1372   Γöé 11.73 Γöé 8.13  Γöé 167.87 Γöé 0.219     Γöé
Γöé 93      Γöé 95    Γöé 'Kusarigama'       Γöé 6    Γöé 'BLADE+RANGED'       Γöé 2    Γöé 48   Γöé '48-48'  Γöé 1776   Γöé 14.08 Γöé 15.52 Γöé 210.94 Γöé 0.544     Γöé
Γöé 94      Γöé 96    Γöé 'Jitte'            Γöé 1    Γöé 'MISC'               Γöé 1    Γöé 25   Γöé '19-31'  Γöé 1783   Γöé 7.8   Γöé 6.11  Γöé 76.32  Γöé 0.058     Γöé
Γöé 95      Γöé 97    Γöé 'Scissors'         Γöé 1    Γöé 'MISC'               Γöé 1    Γöé 24   Γöé '19-29'  Γöé 1434   Γöé 8.19  Γöé 6.61  Γöé 56.75  Γöé 0.058     Γöé
Γöé 96      Γöé 98    Γöé 'Great Scissors'   Γöé 6    Γöé 'MISC'               Γöé 2    Γöé 39   Γöé '31-47'  Γöé 3129   Γöé 8.86  Γöé 12.75 Γöé 136.46 Γöé 0.11      Γöé
Γöé 97      Γöé 99    Γöé 'Tessen'           Γöé 6    Γöé 'LEGENDARY+MISC'     Γöé 1    Γöé 63   Γöé '62-64'  Γöé 2051   Γöé 18.4  Γöé 29.88 Γöé 131.67 Γöé 0.47      Γöé
Γöé 98      Γöé 100   Γöé 'Umbrella'         Γöé 1    Γöé 'POLEARM+SHIELD'     Γöé 1    Γöé 30   Γöé '23-37'  Γöé 3304   Γöé 5.46  Γöé 5.48  Γöé 150.17 Γöé 0.019     Γöé
Γöé 99      Γöé 101   Γöé 'Buckler'          Γöé 1    Γöé 'SHIELD'             Γöé 1    Γöé 22   Γöé '17-27'  Γöé 3623   Γöé 4.58  Γöé 0.95  Γöé 61.28  Γöé 0.038     Γöé
Γöé 100     Γöé 102   Γöé 'Round Shield'     Γöé 2    Γöé 'SHIELD'             Γöé 1    Γöé 26   Γöé '20-32'  Γöé 4797   Γöé 4.33  Γöé 1.01  Γöé 79.4   Γöé 0.042     Γöé
Γöé 101     Γöé 103   Γöé 'Targe'            Γöé 3    Γöé 'SHIELD'             Γöé 1    Γöé 28   Γöé '22-34'  Γöé 5265   Γöé 4.51  Γöé 1.13  Γöé 77.59  Γöé 0.048     Γöé
Γöé 102     Γöé 104   Γöé 'Heater Shield'    Γöé 3    Γöé 'SHIELD'             Γöé 1    Γöé 29   Γöé '22-36'  Γöé 5575   Γöé 4.33  Γöé 1.1   Γöé 88.94  Γöé 0.048     Γöé
Γöé 103     Γöé 105   Γöé 'Forcefield Band'  Γöé 4    Γöé 'BATTERY+SHIELD'     Γöé 1    Γöé 26   Γöé '21-31'  Γöé 2107   Γöé 8.59  Γöé 5.36  Γöé 67.49  Γöé 0.083     Γöé
Γöé 104     Γöé 106   Γöé 'Pavise'           Γöé 4    Γöé 'SHIELD'             Γöé 1    Γöé 33   Γöé '26-40'  Γöé 6761   Γöé 4.05  Γöé 1.19  Γöé 100.02 Γöé 0.055     Γöé
Γöé 105     Γöé 107   Γöé 'Scutum'           Γöé 5    Γöé 'SHIELD'             Γöé 1    Γöé 34   Γöé '27-41'  Γöé 6606   Γöé 4.58  Γöé 1.35  Γöé 101.96 Γöé 0.064     Γöé
Γöé 106     Γöé 108   Γöé 'Greatshield'      Γöé 6    Γöé 'SHIELD'             Γöé 1    Γöé 38   Γöé '30-46'  Γöé 7847   Γöé 4.15  Γöé 1.46  Γöé 117.57 Γöé 0.073     Γöé
Γöé 107     Γöé 109   Γöé 'Ukulele'          Γöé 1    Γöé 'MISC'               Γöé 1    Γöé 24   Γöé '19-29'  Γöé 1589   Γöé 8.19  Γöé 4.83  Γöé 78.28  Γöé 0.066     Γöé
Γöé 108     Γöé 110   Γöé 'Electric Guitar'  Γöé 5    Γöé 'BATTERY+MISC'       Γöé 1    Γöé 35   Γöé '29-41'  Γöé 2393   Γöé 10.25 Γöé 8.6   Γöé 119.39 Γöé 0.134     Γöé
Γöé 109     Γöé 111   Γöé 'Electric Racket'  Γöé 2    Γöé 'BATTERY+MISC'       Γöé 1    Γöé 28   Γöé '22-34'  Γöé 1686   Γöé 9.17  Γöé 6.6   Γöé 99.36  Γöé 0.081     Γöé
Γöé 110     Γöé 112   Γöé 'Baseball Gloves'  Γöé 1    Γöé 'FIST'               Γöé 1    Γöé 19   Γöé '16-22'  Γöé 230    Γöé 10.86 Γöé 2.82  Γöé 31.52  Γöé 0.154     Γöé
Γöé 111     Γöé 113   Γöé 'Boxing Gloves'    Γöé 2    Γöé 'FIST'               Γöé 1    Γöé 31   Γöé '26-36'  Γöé 573    Γöé 14.9  Γöé 8.33  Γöé 44.9   Γöé 0.168     Γöé
Γöé 112     Γöé 114   Γöé 'Tactical Gloves'  Γöé 3    Γöé 'FIST'               Γöé 1    Γöé 35   Γöé '30-40'  Γöé 516    Γöé 17.02 Γöé 9.27  Γöé 45.08  Γöé 0.192     Γöé
Γöé 113     Γöé 115   Γöé 'Tekk┼ì-kagi'       Γöé 5    Γöé 'FIST+KNIFE'         Γöé 1    Γöé 49   Γöé '49-49'  Γöé 796    Γöé 21.62 Γöé 16.23 Γöé 66.38  Γöé 0.515     Γöé
Γöé 114     Γöé 116   Γöé 'Monkey Fist'      Γöé 2    Γöé 'BLUNT+FIST'         Γöé 1    Γöé 34   Γöé '27-41'  Γöé 2642   Γöé 10.13 Γöé 5.26  Γöé 79.61  Γöé 0.084     Γöé
Γöé 115     Γöé 117   Γöé 'Mecha-mitt'       Γöé 4    Γöé 'BATTERY+BLUNT+FIST' Γöé 1    Γöé 37   Γöé '30-44'  Γöé 2719   Γöé 11.47 Γöé 8.44  Γöé 86.29  Γöé 0.111     Γöé
Γöé 116     Γöé 118   Γöé 'Buster Sword'     Γöé 6    Γöé 'BLADE+LEGENDARY'    Γöé 2    Γöé 66   Γöé '66-66'  Γöé 3292   Γöé 11.72 Γöé 36.1  Γöé 198.84 Γöé 0.513     Γöé
ΓööΓöÇΓöÇΓöÇΓöÇΓöÇΓöÇΓöÇΓöÇΓöÇΓö┤ΓöÇΓöÇΓöÇΓöÇΓöÇΓöÇΓöÇΓö┤ΓöÇΓöÇΓöÇΓöÇΓöÇΓöÇΓöÇΓöÇΓöÇΓöÇΓöÇΓöÇΓöÇΓöÇΓöÇΓöÇΓöÇΓöÇΓöÇΓöÇΓö┤ΓöÇΓöÇΓöÇΓöÇΓöÇΓöÇΓö┤ΓöÇΓöÇΓöÇΓöÇΓöÇΓöÇΓöÇΓöÇΓöÇΓöÇΓöÇΓöÇΓöÇΓöÇΓöÇΓöÇΓöÇΓöÇΓöÇΓöÇΓöÇΓöÇΓö┤ΓöÇΓöÇΓöÇΓöÇΓöÇΓöÇΓö┤ΓöÇΓöÇΓöÇΓöÇΓöÇΓöÇΓö┤ΓöÇΓöÇΓöÇΓöÇΓöÇΓöÇΓöÇΓöÇΓöÇΓöÇΓö┤ΓöÇΓöÇΓöÇΓöÇΓöÇΓöÇΓöÇΓöÇΓö┤ΓöÇΓöÇΓöÇΓöÇΓöÇΓöÇΓöÇΓö┤ΓöÇΓöÇΓöÇΓöÇΓöÇΓöÇΓöÇΓö┤ΓöÇΓöÇΓöÇΓöÇΓöÇΓöÇΓöÇΓöÇΓö┤ΓöÇΓöÇΓöÇΓöÇΓöÇΓöÇΓöÇΓöÇΓöÇΓöÇΓöÇΓöÿ
